  ＿＿＿＿＿＿＿＿＿＿             ＿＿            ＿＿＿＿＿＿          ＿＿＿＿＿＿
╱                    ╲         ▕ △ ╲＿＿＿＿╱△△△△△△╲      ╱            ╲
▏      ↑↑            ╲＿＿     ╲△△△ △△△△△△△△△ △╲＿╱△              ▏
▏       ↑↑↑       ▲      ╲     ╲ △ △△△ 大雪原 △△△  △△△                ▏
▏      ↑↑↑↑↑      ▲▲▲  ╲     ╲     △△△△△          △△               ╱
╲    ↑↑                    ▲  ╲     ╲                                  ↑↑↑  ▏ ﹌
  ¯╲    ╱¯¯¯╲                ▏船塚 ︳               ￥            ↑↑↑↑↑ ▏﹌﹌
      ¯¯   ﹌﹌   ╲              ▏ ※  ︳             ◢⊙◣         ↑↑↑↑↑  ▏
 ﹌  ／＼             ¯¯¯╲      ╲＿＿╱            ◢███◣        ↑森↑   ╱
   ／    ＼ ﹌      ﹌﹌﹌﹌  ╲                      ◢█ 火山 █◣     ↑↑↑↑  ▏
 ／   ★   ＼            ﹌﹌ ╱              ↑↑          ▲▲▲        ↑林↑↑ ▏
 ＼        ／       ﹌    ＿╱              ↑ ↑↑↑↑      ▲▲        ↑↑↑↑  ▏
   ＼    ／           ＿╱                    ↑↑↑↑↑↑ ▲▲▲▲       ↑↑↑ ╱
 ﹌  ＼／ ﹌﹌    ＿╱▲                   ↑↑↑ ▲↑ ▲▲ ▲   ▲▲▲    ↑  ╱
   ﹌    ﹌   ＿╱▲▲                  ↑↑↑↑↑ ↑▲▲         ▲▲▲    ↑ ▏﹌﹌
        ＿＿╱▲▲    ∵∴             ↑↑↑↑ ↑↑ ↑↑↑ ↑      ▲千▲     ▏﹌ ﹌
      ╱▲▲▲     ∵∴∵∴           ↑↑ ╭——╮↑ ↑↑ ↑↑       ▲僖▲   ╲
    ▕▲     ∵∴∵∴∵∴                ╭╯﹌﹌╰╮↑↑↑ ↑    平   ▲山▲    ▏
    ▕▲▲  ∵∴∵∴沙∴∵∴           ╭╯﹌﹌﹌﹌╰—╮ ↑             ▲脈▲  ╲
     ╰╮▲    ∵∴∵漠∵∴            ︱﹌﹌ 湖泊 ﹌﹌︱↑ ↑     原      ▲▲    ▏﹌﹌
      ▕ ▲▲   ∵∴∵∴∵∴           ╰╮﹌﹌﹌ ﹌ ╭╯ ↑                 ▲▲  ╲
        ╲ ▲▲▲  ∵∴∵∴              ╰╮﹌ ﹌ ╭╯                  ╱╲   ▲   ╲
    ﹌﹌  ¯╲▲_▲                        ╰———╯    ╱¯¯¯¯╲    ▏▕     ▲   ╲
      ﹌  ﹌  ¯ ¯▏                                  ╱ ﹌﹌﹌﹌   ¯¯   ╰╮    ▲   ╲
                 ╱                                    ▏﹌﹌﹌﹌﹌﹌﹌       ╰——╮▲   ╲
            ﹌ ╱          ╱¯¯╲                  ╱ ﹌﹌    ﹌           ﹌﹌  ▕      ▕
               ¯¯¯¯¯¯   ﹌﹌ ╲              ╱                 ﹌       ﹌﹌▕ ╭╮ ▕
            ﹌﹌   ﹌﹌     ﹌       ¯¯¯¯╲  ╱   ﹌﹌                          ╰╯╰—╯
          ﹌﹌﹌﹌                   ﹌﹌      ¯ ﹌﹌﹌                        ﹌﹌ ﹌﹌