  ¡Ä¡Ä¡Ä¡Ä¡Ä¡Ä¡Ä¡Ä¡Ä¡Ä             ¡Ä¡Ä            ¡Ä¡Ä¡Ä¡Ä¡Ä¡Ä          ¡Ä¡Ä¡Ä¡Ä¡Ä¡Ä
¢¬                    ¢­         ¢y ¡µ ¢­¡Ä¡Ä¡Ä¡Ä¢¬[0;1;37m¡[1mµ[1m¡[1mµ[1m¡[1mµ[1m¡[1mµ[1m¡[1mµ[1m¡[1mµ[0m¢­      ¢¬            ¢­
¢j      [0;1;32m¡[1mô[1m¡[1mô[0m            ¢­¡Ä¡Ä     ¢­[0;1;37m¡[1mµ[1m¡[1mµ[1m¡[1mµ[1m [1m¡[1mµ[1m¡[1mµ[1m¡[1mµ[1m¡[1mµ[1m¡[1mµ[1m¡[1mµ[1m¡[1mµ[1m¡[1mµ[1m¡[1mµ[1m [1m¡[1mµ[0m¢­¡Ä¢¬¡µ              ¢j
¢j       [0;1;32m¡[1mô[1m¡[1mô[1m¡[1mô[0m       ¡¶      ¢­     ¢­ [0;1;37m¡[1mµ[1m [1m¡[1mµ[1m¡[1mµ[1m¡[1mµ[1m [1m¤[1mj[1m³[1m·[1m­[1mì[1m [1m¡[1mµ[1m¡[1mµ[1m¡[1mµ[1m [1m [1m¡[1mµ[1m¡[1mµ[1m¡[1mµ[0m                ¢j
¢j      [0;1;32m¡[1mô[1m¡[1mô[1m¡[1mô[1m¡[1mô[1m¡[1mô[0m      ¡¶¡¶¡¶  ¢­     ¢­     [0;1;37m¡[1mµ[1m¡[1mµ[1m¡[1mµ[1m¡[1mµ[1m¡[1mµ[1m [1m [1m [1m [1m [1m [1m [1m [1m [1m [1m¡[1mµ[1m¡[1mµ[0m               ¢¬
¢­    [0;1;32m¡[1mô[1m¡[1mô[0m                    ¡¶  ¢­     ¢­                                  [0;1;32m¡[1mô[1m¡[1mô[1m¡[1mô[0m  ¢j ¡Ë
  ¡Â¢­    ¢¬¡Â¡Â¡Â¢­                ¢j²î¶ï ¡Y               ¢D            [0;1;32m¡[1mô[1m¡[1mô[1m¡[1mô[1m¡[1mô[1m¡[1mô[0m ¢j¡Ë¡Ë
      ¡Â¡Â   ¡Ë¡Ë   ¢­              ¢j ¡°  ¡Y             [33m¢¨[0;1;31m¡[1mó[0;33m¢©[0m         [0;1;32m¡[1mô[1m¡[1mô[1m¡[1mô[1m¡[1mô[1m¡[1mô[0m  ¢j
 ¡Ë  ¡þ¢@             ¡Â¡Â¡Â¢­      ¢­¡Ä¡Ä¢¬            [33m¢¨¢i¢i¢i¢©[0m        [0;1;32m¡[1mô[1m´[1mË[1m¡[1mô[0m   ¢¬
   ¡þ    ¢@ ¡Ë      ¡Ë¡Ë¡Ë¡Ë  ¢­                      [33m¢¨¢i ¤õ¤s ¢i¢©[0m    [0;1;32m [1m¡[1mô[1m¡[1mô[1m¡[1mô[1m¡[1mô[0m  ¢j
 ¡þ   ¡¹   ¢@            ¡Ë¡Ë ¢¬              [0;1;32m¡[1mô[1m¡[1mô[0m          ¡¶¡¶¡¶        [0;1;32m¡[1mô[1mª[1mL[1m¡[1mô[1m¡[1mô[0m ¢j
 ¢@        ¡þ       ¡Ë    ¡Ä¢¬              [0;1;32m¡[1mô[1m [1m¡[1mô[1m¡[1mô[1m¡[1mô[1m¡[1mô[0m      ¡¶¡¶        [0;1;32m¡[1mô[1m¡[1mô[1m¡[1mô[1m¡[1mô[0m  ¢j
   ¢@    ¡þ           ¡Ä¢¬                   [0;1;32m [1m¡[1mô[1m¡[1mô[1m¡[1mô[1m¡[1mô[1m¡[1mô[1m¡[1mô[0m ¡¶¡¶¡¶¡¶      [0;1;32m [1m¡[1mô[1m¡[1mô[1m¡[1mô[0m ¢¬
 ¡Ë  ¢@¡þ ¡Ë¡Ë    ¡Ä¢¬¡¶                   [0;1;32m¡[1mô[1m¡[1mô[1m¡[1mô[0m ¡¶¡ô ¡¶¡¶ ¡¶   ¡¶¡¶¡¶   [0;1;32m [1m¡[1mô[0m  ¢¬
   ¡Ë    ¡Ë   ¡Ä¢¬¡¶¡¶                 [0;1;32m [1m¡[1mô[1m¡[1mô[1m¡[1mô[1m¡[1mô[1m¡[1mô[1m [1m¡[1mô[0m¡¶¡¶         ¡¶¡¶¡¶    ¡ô ¢j¡Ë¡Ë
        ¡Ä¡Ä¢¬¡¶¡¶   [33m ¡î¡ï [0m           [0;1;32m [1m¡[1mô[1m¡[1mô[1m¡[1mô[1m¡[1mô[1m [1m¡[1mô[1m¡[1mô[1m [1m¡[1mô[1m¡[1mô[1m¡[1mô[1m [1m¡[1mô[0m      ¡¶¤d¡¶     ¢j¡Ë ¡Ë
      ¢¬¡¶¡¶¡¶    [33m ¡î¡ï¡î¡ï[0m          [0;1;32m [1m¡[1mô[1m¡[1mô[0m [0;1;36m¢[1m~[1m¡[1mX[1m¡[1mX[1m¢[1m¡[1;32m¡[1mô[1m [1m¡[1mô[1m¡[1mô[1m [1m¡[1mô[1m¡[1mô[1m [0m      ¡¶¹¯¡¶   ¢­
    ¢y¡¶    [33m ¡î¡ï¡î¡ï¡î¡ï [0m               [0;1;36m¢[1m~[1m¢[1m£[1m¡[1mË[1m¡[1mË[1m¢[1m¢[1m¢[1;32m¡[1m¡[1mô[1m¡[1mô[1m¡[1mô[1m [1m¡[0mô    ¥­   ¡¶¤s¡¶    ¢j
    ¢y¡¶¡¶  [33m¡î¡ï¡î¡ï¨F¡ï¡î¡ï[0m           [0;1;36m¢[1m~[1m¢[1m£[1m¡[1mË[1m¡[1mË[1m¡[1mË[1m¡[1mË[1m¢[1m¢[1m¡[1mX[1m¢[1;32m¡[1m [1m¡[1mô[1m [0m            ¡¶¯ß¡¶  ¢­
     ùüùû¡¶    [33m¡î¡ï¡îºz¡î¡ï [0m           [0;1;36m¡[1mW[1m¡[1mË[1m¡[1mË[1m [1m´[1mò[1mª[1my[1m [1m¡[1mË[1m¡[1mË[1m¡[1mW[1;32m¡[1mô[1m [1m¡[1mô[1;36m [1m [0m   ­ì      ¡¶¡¶    ¢j¡Ë¡Ë
      ¢y ¡¶¡¶   [33m¡î¡ï¡î¡ï¡î¡ï[0m           [0;1;36m¢[1m¢[1m¢[1m¡[1m¡[1mË[1m¡[1mË[1m¡[1mË[1m [1m¡[1mË[1m [1m¢[1m~[1m¢[1m£[0m ¡ô                 ¡¶¡¶  ¢­
        ¢­ ¡¶¡¶¡¶  [33m¡î¡ï¡î¡ï [0m             [0;1;36m¢[1m¢[1m¢[1m¡[1m¡[1mË[1m [1m¡[1mË[1m [1m¢[1m~[1m¢[1m£[0m                  ¢¬¢­   ¡¶   ¢­
    ¡Ë¡Ë  ¡Â¢­¡¶_¡¶                        [0;1;36m¢[1m¢[1m¡[1mX[1m¡[1mX[1m¡[1mX[1m¢[1m£[0m    ¢¬¡Â¡Â¡Â¡Â¢­    ¢j¢y     ¡¶   ¢­
      ¡Ë  ¡Ë  ¡Â ¡Â¢j                                  ¢¬ ¡Ë¡Ë¡Ë¡Ë   ¡Â¡Â   ¢¢¢¡    ¡¶   ¢­
                 ¢¬                                    ¢j¡Ë¡Ë¡Ë¡Ë¡Ë¡Ë¡Ë       ¢¢¡X¡X¢¡¡¶   ¢­
            ¡Ë ¢¬          ¢¬¡Â¡Â¢­                  ¢¬ ¡Ë¡Ë    ¡Ë           ¡Ë¡Ë  ¢y      ¢y
               ¡Â¡Â¡Â¡Â¡Â¡Â   ¡Ë¡Ë ¢­              ¢¬                 ¡Ë       ¡Ë¡Ë¢y ¢~¢¡ ¢y
            ¡Ë¡Ë   ¡Ë¡Ë     ¡Ë       ¡Â¡Â¡Â¡Â¢­  ¢¬   ¡Ë¡Ë                          ¢¢¢£¢¢¡X¢£
          ¡Ë¡Ë¡Ë¡Ë                   ¡Ë¡Ë      ¡Â ¡Ë¡Ë¡Ë                        ¡Ë¡Ë ¡Ë¡Ë

